
Allocating common symbols
Common symbol       size              file

fs                  0x2c              build/main.o
bot                 0x2c              build/usb_msc.o

Discarded input sections

 .text          0x00000000        0x0 build/main.o
 .data          0x00000000        0x0 build/main.o
 .bss           0x00000000        0x0 build/main.o
 .debug_frame   0x00000000      0x14c build/main.o
 .comment       0x00000000       0x31 build/main.o
 .text          0x00000000        0x0 build/usb_hid.o
 .data          0x00000000        0x0 build/usb_hid.o
 .bss           0x00000000        0x0 build/usb_hid.o
 .debug_frame   0x00000000      0x104 build/usb_hid.o
 .comment       0x00000000       0x31 build/usb_hid.o
 .text          0x00000000        0x0 build/usb_descriptors.o
 .data          0x00000000        0x0 build/usb_descriptors.o
 .bss           0x00000000        0x0 build/usb_descriptors.o
 .comment       0x00000000       0x31 build/usb_descriptors.o
 .text          0x00000000        0x0 build/mmc.o
 .data          0x00000000        0x0 build/mmc.o
 .bss           0x00000000        0x0 build/mmc.o
 .debug_frame   0x00000000       0xf0 build/mmc.o
 .comment       0x00000000       0x31 build/mmc.o
 .text          0x00000000        0x0 build/pff.o
 .data          0x00000000        0x0 build/pff.o
 .bss           0x00000000        0x0 build/pff.o
 .text.pf_lseek
                0x00000000       0xe0 build/pff.o
 .text.pf_readdir
                0x00000000      0x160 build/pff.o
 .text.pf_opendir
                0x00000000       0x88 build/pff.o
 .text.pf_write
                0x00000000      0x134 build/pff.o
 .debug_frame   0x00000000      0x1e0 build/pff.o
 .comment       0x00000000       0x31 build/pff.o
 .text          0x00000000        0x0 build/usb_msc.o
 .data          0x00000000        0x0 build/usb_msc.o
 .bss           0x00000000        0x0 build/usb_msc.o
 .text.msc_send_csw
                0x00000000       0x10 build/usb_msc.o
 .debug_frame   0x00000000       0xa0 build/usb_msc.o
 .comment       0x00000000       0x31 build/usb_msc.o
 .data          0x00000000        0x0 build/startup.o
 .bss           0x00000000        0x0 build/startup.o

Memory Configuration

Name             Origin             Length             Attributes
FLASH            0x80002000         0x0003e000         xr
SRAM             0x00000000         0x00008000         xrw
*default*        0x00000000         0xffffffff

Linker script and memory map

                0x00001000                _stack_size = 0x1000
LOAD c:/program files (x86)/atmel/avr tools/avr toolchain/bin/../lib/gcc/avr32/4.4.3/../../../../avr32/lib/ucr1\libc.a
LOAD c:/program files (x86)/atmel/avr tools/avr toolchain/bin/../lib/gcc/avr32/4.4.3/ucr1\libgcc.a
LOAD build/main.o
LOAD build/usb_hid.o
LOAD build/usb_descriptors.o
LOAD build/mmc.o
LOAD build/pff.o
LOAD build/usb_msc.o
LOAD build/startup.o

.vectors        0x80002000        0xc
                0x80002000                . = ALIGN (0x4)
 *(.vectors)
 .vectors       0x80002000        0xc build/startup.o
                0x80002000                _start
 *(.vectors.*)

.rela.got       0x8000200c        0x0
 .rela.got      0x8000200c        0x0 build/usb_descriptors.o

.text           0x8000200c     0x3970
                0x8000200c                . = ALIGN (0x4)
 *(.text)
 .text          0x8000200c       0x44 build/startup.o
                0x8000200c                _init_data
 *(.text.*)
 .text.memcpy   0x80002050       0x16 build/main.o
                0x80002050                memcpy
 .text.memset   0x80002066       0x10 build/main.o
                0x80002066                memset
 *fill*         0x80002076        0x2 00
 .text.usb_device_enumerated_cb
                0x80002078        0xc build/main.o
                0x80002078                usb_device_enumerated_cb
 .text.usb_device_config_requested_cb
                0x80002084       0x10 build/main.o
                0x80002084                usb_device_config_requested_cb
 .text.usb_hid_report_out_cb
                0x80002094       0x58 build/main.o
                0x80002094                usb_hid_report_out_cb
 .text.read_var
                0x800020ec      0x2d4 build/main.o
 .text.write_var
                0x800023c0      0x254 build/main.o
 .text.get_random
                0x80002614       0x2c build/main.o
 .text.send_keyboard_report
                0x80002640       0x64 build/main.o
 .text.delay_ms
                0x800026a4       0x30 build/main.o
 .text.type_char
                0x800026d4       0xc0 build/main.o
 .text.type_number
                0x80002794       0xa0 build/main.o
 .text.start_usb_and_wait
                0x80002834       0x5c build/main.o
 .text.main     0x80002890      0xf28 build/main.o
                0x80002890                main
 .text.usb_device_init
                0x800037b8       0x94 build/usb_hid.o
                0x800037b8                usb_device_init
 .text.usb_device_enable
                0x8000384c       0x6c build/usb_hid.o
                0x8000384c                usb_device_enable
 .text.usb_device_disable
                0x800038b8        0xc build/usb_hid.o
                0x800038b8                usb_device_disable
 .text.usb_device_register_callback
                0x800038c4       0x10 build/usb_hid.o
                0x800038c4                usb_device_register_callback
 .text.usb_hid_register_out_callback
                0x800038d4        0xc build/usb_hid.o
                0x800038d4                usb_hid_register_out_callback
 .text.usb_hid_in_endpoint_ready
                0x800038e0        0xe build/usb_hid.o
                0x800038e0                usb_hid_in_endpoint_ready
 .text.usb_hid_send_report
                0x800038ee       0x3a build/usb_hid.o
                0x800038ee                usb_hid_send_report
 .text.ep0_send
                0x80003928      0x102 build/usb_hid.o
                0x80003928                ep0_send
 .text.ep0_ack_status_in
                0x80003a2a       0x34 build/usb_hid.o
                0x80003a2a                ep0_ack_status_in
 *fill*         0x80003a5e        0x2 00
 .text.fire_callback
                0x80003a60       0x1c build/usb_hid.o
 .text.usb_device_task
                0x80003a7c      0x6e0 build/usb_hid.o
                0x80003a7c                usb_device_task
 .text.sd_spi_transfer
                0x8000415c      0x61c build/mmc.o
 .text.rcv_spi  0x80004778       0x10 build/mmc.o
 .text.send_cmd
                0x80004788       0xbc build/mmc.o
 .text.disk_initialize
                0x80004844      0x1f8 build/mmc.o
                0x80004844                disk_initialize
 .text.disk_readp
                0x80004a3c       0xac build/mmc.o
                0x80004a3c                disk_readp
 .text.sd_read_sector
                0x80004ae8       0x90 build/mmc.o
                0x80004ae8                sd_read_sector
 .text.sd_write_sector
                0x80004b78       0xa0 build/mmc.o
                0x80004b78                sd_write_sector
 .text.dir_rewind
                0x80004c18       0x58 build/pff.o
 .text.get_fat  0x80004c70       0xfc build/pff.o
 .text.dir_next
                0x80004d6c       0x84 build/pff.o
 .text.follow_path
                0x80004df0      0x198 build/pff.o
 .text.pf_open  0x80004f88       0xac build/pff.o
                0x80004f88                pf_open
 .text.pf_read  0x80005034       0xe0 build/pff.o
                0x80005034                pf_read
 .text.check_fs
                0x80005114       0x84 build/pff.o
 .text.pf_mount
                0x80005198      0x1a4 build/pff.o
                0x80005198                pf_mount
 .text.usb_msc_init
                0x8000533c        0xc build/usb_msc.o
                0x8000533c                usb_msc_init
 .text.process_scsi_command
                0x80005348      0x26c build/usb_msc.o
                0x80005348                process_scsi_command
 .text.usb_msc_task
                0x800055b4      0x1e0 build/usb_msc.o
                0x800055b4                usb_msc_task
 .text.usb_msc_handle_setup
                0x80005794       0x74 build/usb_msc.o
                0x80005794                usb_msc_handle_setup
 *(.rodata)
 *(.rodata.*)
 .rodata.str1.4
                0x80005808       0x74 build/main.o
 .rodata.usb_hid_report_descriptor
                0x8000587c       0x40 build/usb_descriptors.o
                0x8000587c                usb_hid_report_descriptor
 .rodata.usb_config_descriptor_hid
                0x800058bc       0x24 build/usb_descriptors.o
                0x800058bc                usb_config_descriptor_hid
 .rodata.usb_config_descriptor_hid_size
                0x800058e0        0x2 build/usb_descriptors.o
                0x800058e0                usb_config_descriptor_hid_size
 .rodata.usb_hid_report_descriptor_size
                0x800058e2        0x2 build/usb_descriptors.o
                0x800058e2                usb_hid_report_descriptor_size
 .rodata.usb_device_descriptor_size
                0x800058e4        0x2 build/usb_descriptors.o
                0x800058e4                usb_device_descriptor_size
 *fill*         0x800058e6        0x2 00
 .rodata.usb_str_lang_descriptor
                0x800058e8        0x4 build/usb_descriptors.o
                0x800058e8                usb_str_lang_descriptor
 .rodata.usb_config_descriptor_comp
                0x800058ec       0x3c build/usb_descriptors.o
                0x800058ec                usb_config_descriptor_comp
 .rodata.usb_config_descriptor_msc_size
                0x80005928        0x2 build/usb_descriptors.o
                0x80005928                usb_config_descriptor_msc_size
 *fill*         0x8000592a        0x2 00
 .rodata.usb_config_descriptor_msc
                0x8000592c       0x20 build/usb_descriptors.o
                0x8000592c                usb_config_descriptor_msc
 .rodata.usb_config_descriptor_comp_size
                0x8000594c        0x2 build/usb_descriptors.o
                0x8000594c                usb_config_descriptor_comp_size
 *fill*         0x8000594e        0x2 00
 .rodata.C.1.8368
                0x80005950        0x8 build/usb_msc.o
 .rodata.inquiry_data
                0x80005958       0x24 build/usb_msc.o
                0x8000597c                . = ALIGN (0x4)
                0x8000597c                _etext = .

.ARM.extab
 *(.ARM.extab* .gnu.linkonce.armextab.*)

.ARM.exidx
 *(.ARM.exidx* .gnu.linkonce.armexidx.*)
                0x8000597c                _sidata = LOADADDR (.data)

.data           0x00000000       0xd4 load address 0x8000597c
                0x00000000                . = ALIGN (0x4)
                0x00000000                _sdata = .
 *(.data)
 *(.data.*)
 .data.current_pid
                0x00000000        0x2 build/main.o
                0x00000000                current_pid
 .data.button_enabled
                0x00000002        0x2 build/main.o
 .data.rand_seed
                0x00000004        0x4 build/main.o
 .data.storage_activity_timeout
                0x00000008        0x2 build/main.o
 .data.saved_attackmode
                0x0000000a        0x2 build/main.o
 .data.current_os
                0x0000000c        0x2 build/main.o
 .data.exfil_leds_enabled
                0x0000000e        0x2 build/main.o
 .data.system_leds_enabled
                0x00000010        0x2 build/main.o
 .data.saved_vid
                0x00000012        0x2 build/main.o
 .data.current_vid
                0x00000014        0x2 build/main.o
                0x00000014                current_vid
 .data.storage_leds_enabled
                0x00000016        0x2 build/main.o
 .data.saved_pid
                0x00000018        0x2 build/main.o
 .data.injecting_leds_enabled
                0x0000001a        0x2 build/main.o
 .data.usb_str_manufacturer_descriptor
                0x0000001c       0x44 build/usb_descriptors.o
                0x0000001c                usb_str_manufacturer_descriptor
 .data.usb_str_product_descriptor
                0x00000060       0x44 build/usb_descriptors.o
                0x00000060                usb_str_product_descriptor
 .data.usb_str_serial_descriptor
                0x000000a4       0x10 build/usb_descriptors.o
                0x000000a4                usb_str_serial_descriptor
 .data.usb_device_descriptor
                0x000000b4       0x14 build/usb_descriptors.o
                0x000000b4                usb_device_descriptor
 .data.usb_config_descriptor_size
                0x000000c8        0x2 build/usb_descriptors.o
                0x000000c8                usb_config_descriptor_size
 *fill*         0x000000ca        0x2 00
 .data.usb_config_descriptor
                0x000000cc        0x4 build/usb_descriptors.o
                0x000000cc                usb_config_descriptor
 .data.cached_sector
                0x000000d0        0x4 build/mmc.o
                0x000000d4                . = ALIGN (0x4)
                0x000000d4                _edata = .

.bss            0x000000d4     0x2b34 load address 0x80005a50
                0x000000d4                . = ALIGN (0x4)
                0x000000d4                _sbss = .
 *(.bss)
 *(.bss.*)
 .bss.button_def_pc
                0x000000d4        0x2 build/main.o
 .bss.current_attackmode
                0x000000d6        0x1 build/main.o
                0x000000d6                current_attackmode
 *fill*         0x000000d7        0x1 00
 .bss.saved_num_lock_on
                0x000000d8        0x2 build/main.o
 .bss.received_host_lock_led_reply
                0x000000da        0x2 build/main.o
 .bss.scroll_lock_on
                0x000000dc        0x2 build/main.o
 .bss.saved_caps_lock_on
                0x000000de        0x2 build/main.o
 .bss.inside_button_handler
                0x000000e0        0x1 build/main.o
 *fill*         0x000000e1        0x1 00
 .bss.caps_lock_on
                0x000000e2        0x2 build/main.o
 .bss.num_lock_on
                0x000000e4        0x2 build/main.o
 *fill*         0x000000e6        0x2 00
 .bss.host_configuration_request_count
                0x000000e8        0x4 build/main.o
 .bss.button_push_received
                0x000000ec        0x2 build/main.o
 .bss.call_stack_ptr
                0x000000ee        0x1 build/main.o
 *fill*         0x000000ef        0x1 00
 .bss.jitter_max
                0x000000f0        0x2 build/main.o
 .bss.call_stack
                0x000000f2       0x40 build/main.o
 *fill*         0x00000132        0x2 00
 .bss.payload_ram
                0x00000134     0x2000 build/main.o
 .bss.exfil_mode_enabled
                0x00002134        0x2 build/main.o
 .bss.button_timeout
                0x00002136        0x2 build/main.o
 .bss.button_user_defined
                0x00002138        0x2 build/main.o
 .bss.led_continuous_show_storage_activity
                0x0000213a        0x2 build/main.o
 .bss.jitter_enabled
                0x0000213c        0x2 build/main.o
 .bss.payload_parse_speed
                0x0000213e        0x2 build/main.o
 .bss.saved_scroll_lock_on
                0x00002140        0x2 build/main.o
 .bss.variables
                0x00002142      0x800 build/main.o
 .bss.g_usb_ready
                0x00002942        0x1 build/main.o
 .bss.s_address
                0x00002943        0x1 build/usb_hid.o
 .bss.s_state   0x00002944        0x4 build/usb_hid.o
 .bss.s_out_callback
                0x00002948        0x4 build/usb_hid.o
 .bss.s_configuration
                0x0000294c        0x1 build/usb_hid.o
 .bss.serial_counter.8362
                0x0000294d        0x1 build/usb_hid.o
 *fill*         0x0000294e        0x2 00
 .bss.s_callbacks
                0x00002950       0x14 build/usb_hid.o
 .bss.usb_custom_serial_set
                0x00002964        0x1 build/usb_hid.o
                0x00002964                usb_custom_serial_set
 .bss.s_idle_rate
                0x00002965        0x1 build/usb_hid.o
 *fill*         0x00002966        0x2 00
 .bss.s_ctrl_buf
                0x00002968       0x40 build/usb_hid.o
 .bss.sector_cache
                0x000029a8      0x200 build/mmc.o
 .bss.CardType  0x00002ba8        0x1 build/mmc.o
 .bss.spi_fast  0x00002ba9        0x1 build/mmc.o
 *fill*         0x00002baa        0x2 00
 .bss.FatFs     0x00002bac        0x4 build/pff.o
 *(COMMON)
 COMMON         0x00002bb0       0x2c build/main.o
                0x00002bb0                fs
 COMMON         0x00002bdc       0x2c build/usb_msc.o
                0x00002bdc                bot
                0x00002c08                . = ALIGN (0x4)
                0x00002c08                _ebss = .

.stack          0x00002c08      0x800 load address 0x80005a50
                0x00002c08                . = ALIGN (0x8)
                0x00002c08                _stack_end = .
                0x00003408                . = (. + 0x800)
 *fill*         0x00002c08      0x800 00
                0x00003408                . = ALIGN (0x8)
                0x00003408                _stack_start = .

/DISCARD/
 *(.note.*)
 *(.comment)
 *(.debug*)
                0x00003408                PROVIDE (_stack, _stack_start)
                0x00003408                PROVIDE (__stack, _stack_start)
                0x00002c08                PROVIDE (__heap_start__, _ebss)
                0x00002c08                PROVIDE (__heap_end__, _stack_end)
OUTPUT(build/firmware.elf elf32-avr32)
