
Allocating common symbols
Common symbol       size              file

fs                  0x2c              build/main.o
bot                 0x2c              build/usb_msc.o

Discarded input sections

 .text          0x00000000        0x0 build/main.o
 .data          0x00000000        0x0 build/main.o
 .bss           0x00000000        0x0 build/main.o
 .debug_frame   0x00000000      0x14c build/main.o
 .comment       0x00000000       0x31 build/main.o
 .text          0x00000000        0x0 build/usb_hid.o
 .data          0x00000000        0x0 build/usb_hid.o
 .bss           0x00000000        0x0 build/usb_hid.o
 .debug_frame   0x00000000      0x104 build/usb_hid.o
 .comment       0x00000000       0x31 build/usb_hid.o
 .text          0x00000000        0x0 build/usb_descriptors.o
 .data          0x00000000        0x0 build/usb_descriptors.o
 .bss           0x00000000        0x0 build/usb_descriptors.o
 .comment       0x00000000       0x31 build/usb_descriptors.o
 .text          0x00000000        0x0 build/mmc.o
 .data          0x00000000        0x0 build/mmc.o
 .bss           0x00000000        0x0 build/mmc.o
 .text.sd_read_sector
                0x00000000       0x90 build/mmc.o
 .text.sd_write_sector
                0x00000000       0xa0 build/mmc.o
 .debug_frame   0x00000000       0xf0 build/mmc.o
 .comment       0x00000000       0x31 build/mmc.o
 .text          0x00000000        0x0 build/pff.o
 .data          0x00000000        0x0 build/pff.o
 .bss           0x00000000        0x0 build/pff.o
 .text.pf_lseek
                0x00000000       0xe0 build/pff.o
 .text.pf_readdir
                0x00000000      0x160 build/pff.o
 .text.pf_opendir
                0x00000000       0x88 build/pff.o
 .text.pf_write
                0x00000000      0x134 build/pff.o
 .debug_frame   0x00000000      0x1e0 build/pff.o
 .comment       0x00000000       0x31 build/pff.o
 .text          0x00000000        0x0 build/usb_msc.o
 .data          0x00000000        0x0 build/usb_msc.o
 .bss           0x00000000        0x0 build/usb_msc.o
 .text.msc_send_csw
                0x00000000       0x10 build/usb_msc.o
 .debug_frame   0x00000000       0x88 build/usb_msc.o
 .comment       0x00000000       0x31 build/usb_msc.o
 .data          0x00000000        0x0 build/startup.o
 .bss           0x00000000        0x0 build/startup.o

Memory Configuration

Name             Origin             Length             Attributes
FLASH            0x80002000         0x0003e000         xr
SRAM             0x00000000         0x00008000         xrw
*default*        0x00000000         0xffffffff

Linker script and memory map

                0x00001000                _stack_size = 0x1000
LOAD c:/program files (x86)/atmel/avr tools/avr toolchain/bin/../lib/gcc/avr32/4.4.3/../../../../avr32/lib/ucr1\libc.a
LOAD c:/program files (x86)/atmel/avr tools/avr toolchain/bin/../lib/gcc/avr32/4.4.3/ucr1\libgcc.a
LOAD build/main.o
LOAD build/usb_hid.o
LOAD build/usb_descriptors.o
LOAD build/mmc.o
LOAD build/pff.o
LOAD build/usb_msc.o
LOAD build/startup.o

.vectors        0x80002000        0xc
                0x80002000                . = ALIGN (0x4)
 *(.vectors)
 .vectors       0x80002000        0xc build/startup.o
                0x80002000                _start
 *(.vectors.*)

.rela.got       0x8000200c        0x0
 .rela.got      0x8000200c        0x0 build/usb_descriptors.o

.text           0x8000200c     0x368c
                0x8000200c                . = ALIGN (0x4)
 *(.text)
 .text          0x8000200c       0x44 build/startup.o
                0x8000200c                _init_data
 *(.text.*)
 .text.memcpy   0x80002050       0x16 build/main.o
                0x80002050                memcpy
 .text.memset   0x80002066       0x10 build/main.o
                0x80002066                memset
 *fill*         0x80002076        0x2 00
 .text.usb_device_enumerated_cb
                0x80002078        0xc build/main.o
                0x80002078                usb_device_enumerated_cb
 .text.usb_device_config_requested_cb
                0x80002084       0x10 build/main.o
                0x80002084                usb_device_config_requested_cb
 .text.usb_hid_report_out_cb
                0x80002094       0x58 build/main.o
                0x80002094                usb_hid_report_out_cb
 .text.read_var
                0x800020ec      0x2d4 build/main.o
 .text.write_var
                0x800023c0      0x254 build/main.o
 .text.get_random
                0x80002614       0x2c build/main.o
 .text.send_keyboard_report
                0x80002640       0x64 build/main.o
 .text.delay_ms
                0x800026a4       0x30 build/main.o
 .text.type_char
                0x800026d4       0xc0 build/main.o
 .text.type_number
                0x80002794       0xa0 build/main.o
 .text.start_usb_and_wait
                0x80002834       0x5c build/main.o
 .text.main     0x80002890      0xed0 build/main.o
                0x80002890                main
 .text.usb_device_init
                0x80003760       0x94 build/usb_hid.o
                0x80003760                usb_device_init
 .text.usb_device_enable
                0x800037f4       0x6c build/usb_hid.o
                0x800037f4                usb_device_enable
 .text.usb_device_disable
                0x80003860        0xc build/usb_hid.o
                0x80003860                usb_device_disable
 .text.usb_device_register_callback
                0x8000386c       0x10 build/usb_hid.o
                0x8000386c                usb_device_register_callback
 .text.usb_hid_register_out_callback
                0x8000387c        0xc build/usb_hid.o
                0x8000387c                usb_hid_register_out_callback
 .text.usb_hid_in_endpoint_ready
                0x80003888        0xe build/usb_hid.o
                0x80003888                usb_hid_in_endpoint_ready
 .text.usb_hid_send_report
                0x80003896       0x3a build/usb_hid.o
                0x80003896                usb_hid_send_report
 .text.ep0_send
                0x800038d0      0x102 build/usb_hid.o
                0x800038d0                ep0_send
 .text.ep0_ack_status_in
                0x800039d2       0x34 build/usb_hid.o
                0x800039d2                ep0_ack_status_in
 *fill*         0x80003a06        0x2 00
 .text.fire_callback
                0x80003a08       0x1c build/usb_hid.o
 .text.usb_device_task
                0x80003a24      0x6e0 build/usb_hid.o
                0x80003a24                usb_device_task
 .text.sd_spi_transfer
                0x80004104      0x61c build/mmc.o
 .text.rcv_spi  0x80004720       0x10 build/mmc.o
 .text.send_cmd
                0x80004730       0xbc build/mmc.o
 .text.disk_initialize
                0x800047ec      0x1f8 build/mmc.o
                0x800047ec                disk_initialize
 .text.disk_readp
                0x800049e4       0xac build/mmc.o
                0x800049e4                disk_readp
 .text.dir_rewind
                0x80004a90       0x58 build/pff.o
 .text.get_fat  0x80004ae8       0xfc build/pff.o
 .text.dir_next
                0x80004be4       0x84 build/pff.o
 .text.follow_path
                0x80004c68      0x198 build/pff.o
 .text.pf_open  0x80004e00       0xac build/pff.o
                0x80004e00                pf_open
 .text.pf_read  0x80004eac       0xe0 build/pff.o
                0x80004eac                pf_read
 .text.check_fs
                0x80004f8c       0x84 build/pff.o
 .text.pf_mount
                0x80005010      0x1a4 build/pff.o
                0x80005010                pf_mount
 .text.usb_msc_init
                0x800051b4        0xc build/usb_msc.o
                0x800051b4                usb_msc_init
 .text.process_scsi_command
                0x800051c0      0x100 build/usb_msc.o
                0x800051c0                process_scsi_command
 .text.usb_msc_task
                0x800052c0      0x1e0 build/usb_msc.o
                0x800052c0                usb_msc_task
 .text.usb_msc_handle_setup
                0x800054a0       0x74 build/usb_msc.o
                0x800054a0                usb_msc_handle_setup
 *(.rodata)
 *(.rodata.*)
 .rodata.str1.4
                0x80005514       0x74 build/main.o
 .rodata.usb_device_descriptor
                0x80005588       0x14 build/usb_descriptors.o
                0x80005588                usb_device_descriptor
 .rodata.usb_config_descriptor_hid
                0x8000559c       0x24 build/usb_descriptors.o
                0x8000559c                usb_config_descriptor_hid
 .rodata.usb_config_descriptor_hid_size
                0x800055c0        0x2 build/usb_descriptors.o
                0x800055c0                usb_config_descriptor_hid_size
 .rodata.usb_config_descriptor_msc_size
                0x800055c2        0x2 build/usb_descriptors.o
                0x800055c2                usb_config_descriptor_msc_size
 .rodata.usb_hid_report_descriptor_size
                0x800055c4        0x2 build/usb_descriptors.o
                0x800055c4                usb_hid_report_descriptor_size
 .rodata.usb_device_descriptor_size
                0x800055c6        0x2 build/usb_descriptors.o
                0x800055c6                usb_device_descriptor_size
 .rodata.usb_str_lang_descriptor
                0x800055c8        0x4 build/usb_descriptors.o
                0x800055c8                usb_str_lang_descriptor
 .rodata.usb_config_descriptor_comp
                0x800055cc       0x3c build/usb_descriptors.o
                0x800055cc                usb_config_descriptor_comp
 .rodata.usb_hid_report_descriptor
                0x80005608       0x40 build/usb_descriptors.o
                0x80005608                usb_hid_report_descriptor
 .rodata.usb_config_descriptor_msc
                0x80005648       0x20 build/usb_descriptors.o
                0x80005648                usb_config_descriptor_msc
 .rodata.usb_config_descriptor_comp_size
                0x80005668        0x2 build/usb_descriptors.o
                0x80005668                usb_config_descriptor_comp_size
 *fill*         0x8000566a        0x2 00
 .rodata.inquiry_data
                0x8000566c       0x24 build/usb_msc.o
 .rodata.C.1.8322
                0x80005690        0x8 build/usb_msc.o
                0x80005698                . = ALIGN (0x4)
                0x80005698                _etext = .

.ARM.extab
 *(.ARM.extab* .gnu.linkonce.armextab.*)

.ARM.exidx
 *(.ARM.exidx* .gnu.linkonce.armexidx.*)
                0x80005698                _sidata = LOADADDR (.data)

.data           0x00000000       0xc0 load address 0x80005698
                0x00000000                . = ALIGN (0x4)
                0x00000000                _sdata = .
 *(.data)
 *(.data.*)
 .data.current_pid
                0x00000000        0x2 build/main.o
                0x00000000                current_pid
 .data.button_enabled
                0x00000002        0x2 build/main.o
 .data.rand_seed
                0x00000004        0x4 build/main.o
 .data.storage_activity_timeout
                0x00000008        0x2 build/main.o
 .data.saved_attackmode
                0x0000000a        0x2 build/main.o
 .data.current_os
                0x0000000c        0x2 build/main.o
 .data.exfil_leds_enabled
                0x0000000e        0x2 build/main.o
 .data.system_leds_enabled
                0x00000010        0x2 build/main.o
 .data.saved_vid
                0x00000012        0x2 build/main.o
 .data.current_vid
                0x00000014        0x2 build/main.o
                0x00000014                current_vid
 .data.storage_leds_enabled
                0x00000016        0x2 build/main.o
 .data.saved_pid
                0x00000018        0x2 build/main.o
 .data.injecting_leds_enabled
                0x0000001a        0x2 build/main.o
 .data.usb_str_product_descriptor
                0x0000001c       0x44 build/usb_descriptors.o
                0x0000001c                usb_str_product_descriptor
 .data.usb_str_manufacturer_descriptor
                0x00000060       0x44 build/usb_descriptors.o
                0x00000060                usb_str_manufacturer_descriptor
 .data.usb_str_serial_descriptor
                0x000000a4       0x10 build/usb_descriptors.o
                0x000000a4                usb_str_serial_descriptor
 .data.usb_config_descriptor_size
                0x000000b4        0x2 build/usb_descriptors.o
                0x000000b4                usb_config_descriptor_size
 *fill*         0x000000b6        0x2 00
 .data.usb_config_descriptor
                0x000000b8        0x4 build/usb_descriptors.o
                0x000000b8                usb_config_descriptor
 .data.cached_sector
                0x000000bc        0x4 build/mmc.o
                0x000000c0                . = ALIGN (0x4)
                0x000000c0                _edata = .

.bss            0x000000c0     0x2b34 load address 0x80005758
                0x000000c0                . = ALIGN (0x4)
                0x000000c0                _sbss = .
 *(.bss)
 *(.bss.*)
 .bss.button_def_pc
                0x000000c0        0x2 build/main.o
 .bss.current_attackmode
                0x000000c2        0x1 build/main.o
                0x000000c2                current_attackmode
 *fill*         0x000000c3        0x1 00
 .bss.saved_num_lock_on
                0x000000c4        0x2 build/main.o
 .bss.received_host_lock_led_reply
                0x000000c6        0x2 build/main.o
 .bss.scroll_lock_on
                0x000000c8        0x2 build/main.o
 .bss.saved_caps_lock_on
                0x000000ca        0x2 build/main.o
 .bss.inside_button_handler
                0x000000cc        0x1 build/main.o
 *fill*         0x000000cd        0x1 00
 .bss.caps_lock_on
                0x000000ce        0x2 build/main.o
 .bss.num_lock_on
                0x000000d0        0x2 build/main.o
 *fill*         0x000000d2        0x2 00
 .bss.host_configuration_request_count
                0x000000d4        0x4 build/main.o
 .bss.button_push_received
                0x000000d8        0x2 build/main.o
 .bss.call_stack_ptr
                0x000000da        0x1 build/main.o
 *fill*         0x000000db        0x1 00
 .bss.jitter_max
                0x000000dc        0x2 build/main.o
 .bss.call_stack
                0x000000de       0x40 build/main.o
 *fill*         0x0000011e        0x2 00
 .bss.payload_ram
                0x00000120     0x2000 build/main.o
 .bss.exfil_mode_enabled
                0x00002120        0x2 build/main.o
 .bss.button_timeout
                0x00002122        0x2 build/main.o
 .bss.button_user_defined
                0x00002124        0x2 build/main.o
 .bss.led_continuous_show_storage_activity
                0x00002126        0x2 build/main.o
 .bss.jitter_enabled
                0x00002128        0x2 build/main.o
 .bss.payload_parse_speed
                0x0000212a        0x2 build/main.o
 .bss.saved_scroll_lock_on
                0x0000212c        0x2 build/main.o
 .bss.variables
                0x0000212e      0x800 build/main.o
 .bss.g_usb_ready
                0x0000292e        0x1 build/main.o
 .bss.s_address
                0x0000292f        0x1 build/usb_hid.o
 .bss.s_state   0x00002930        0x4 build/usb_hid.o
 .bss.s_out_callback
                0x00002934        0x4 build/usb_hid.o
 .bss.s_configuration
                0x00002938        0x1 build/usb_hid.o
 .bss.serial_counter.8362
                0x00002939        0x1 build/usb_hid.o
 *fill*         0x0000293a        0x2 00
 .bss.s_callbacks
                0x0000293c       0x14 build/usb_hid.o
 .bss.usb_custom_serial_set
                0x00002950        0x1 build/usb_hid.o
                0x00002950                usb_custom_serial_set
 .bss.s_idle_rate
                0x00002951        0x1 build/usb_hid.o
 *fill*         0x00002952        0x2 00
 .bss.s_ctrl_buf
                0x00002954       0x40 build/usb_hid.o
 .bss.sector_cache
                0x00002994      0x200 build/mmc.o
 .bss.CardType  0x00002b94        0x1 build/mmc.o
 .bss.spi_fast  0x00002b95        0x1 build/mmc.o
 *fill*         0x00002b96        0x2 00
 .bss.FatFs     0x00002b98        0x4 build/pff.o
 *(COMMON)
 COMMON         0x00002b9c       0x2c build/main.o
                0x00002b9c                fs
 COMMON         0x00002bc8       0x2c build/usb_msc.o
                0x00002bc8                bot
                0x00002bf4                . = ALIGN (0x4)
                0x00002bf4                _ebss = .

.stack          0x00002bf4      0x804 load address 0x80005758
                0x00002bf8                . = ALIGN (0x8)
 *fill*         0x00002bf4        0x4 00
                0x00002bf8                _stack_end = .
                0x000033f8                . = (. + 0x800)
 *fill*         0x00002bf8      0x800 00
                0x000033f8                . = ALIGN (0x8)
                0x000033f8                _stack_start = .

/DISCARD/
 *(.note.*)
 *(.comment)
 *(.debug*)
                0x000033f8                PROVIDE (_stack, _stack_start)
                0x000033f8                PROVIDE (__stack, _stack_start)
                0x00002bf4                PROVIDE (__heap_start__, _ebss)
                0x00002bf8                PROVIDE (__heap_end__, _stack_end)
OUTPUT(build/firmware.elf elf32-avr32)
